// Jest Snapshot v1, https://goo.gl/fbAQLP

exports[`component renders 1`] = `
<button
  className="btn"
  data-testid={Any<String>}
  onClick={[Function]}
>
  {Any<String>}
</button>
`;
