// Jest Snapshot v1, https://goo.gl/fbAQLP

exports[`component renders 1`] = `
<div
  className="p-3 text-center relative"
>
  <h1
    className="text-lg"
  >
    ChatGPT Styler
  </h1>
  <button
    className="btn absolute inset-y-0 right-0 animate-fade-in m-2"
    onClick={[Function]}
  >
    Back
  </button>
</div>
`;
