// Jest Snapshot v1, https://goo.gl/fbAQLP

exports[`renders HomeMenu component correctly 1`] = `
<div
  className="grid gap-3 grid-cols-2 mt-3 w-full"
>
  <HomeButton
    btnLabel="Sctroll To Top"
    dataTestid="scroll-to-top"
    onClick={[Function]}
  />
  <HomeButton
    btnLabel="Scroll To Bottom"
    dataTestid="scroll-to-botom"
    onClick={[Function]}
  />
  <HomeButton
    btnLabel="Text Editor"
    dataTestid="text-editor"
    onClick={[Function]}
  />
</div>
`;
